namespace GraphQL.Server.Ui.Voyager
{
    public class VoyagerMiddleware
    {
        public VoyagerMiddleware(Microsoft.AspNetCore.Http.RequestDelegate next, GraphQL.Server.Ui.Voyager.VoyagerOptions options) { }
        public System.Threading.Tasks.Task Invoke(Microsoft.AspNetCore.Http.HttpContext httpContext) { }
    }
    public class VoyagerOptions
    {
        public VoyagerOptions() { }
        public Microsoft.AspNetCore.Http.PathString GraphQLEndPoint { get; set; }
        public System.Collections.Generic.Dictionary<string, object>? Headers { get; set; }
        public System.Func<GraphQL.Server.Ui.Voyager.VoyagerOptions, System.IO.Stream> IndexStream { get; set; }
        public System.Func<GraphQL.Server.Ui.Voyager.VoyagerOptions, string, string> PostConfigure { get; set; }
    }
}
namespace Microsoft.AspNetCore.Builder
{
    public static class VoyagerApplicationBuilderExtensions
    {
        public static Microsoft.AspNetCore.Builder.IApplicationBuilder UseGraphQLVoyager(this Microsoft.AspNetCore.Builder.IApplicationBuilder app, string path = "/ui/voyager") { }
        public static Microsoft.AspNetCore.Builder.IApplicationBuilder UseGraphQLVoyager(this Microsoft.AspNetCore.Builder.IApplicationBuilder app, GraphQL.Server.Ui.Voyager.VoyagerOptions options, string path = "/ui/voyager") { }
    }
}