namespace GraphQL.Server.Ui.Altair
{
    public class AltairMiddleware
    {
        public AltairMiddleware(Microsoft.AspNetCore.Http.RequestDelegate next, GraphQL.Server.Ui.Altair.AltairOptions options) { }
        public System.Threading.Tasks.Task Invoke(Microsoft.AspNetCore.Http.HttpContext httpContext) { }
    }
    public class AltairOptions
    {
        public AltairOptions() { }
        public string GraphQLEndPoint { get; set; }
        public System.Collections.Generic.Dictionary<string, string>? Headers { get; set; }
        public System.Func<GraphQL.Server.Ui.Altair.AltairOptions, System.IO.Stream> IndexStream { get; set; }
        public System.Func<GraphQL.Server.Ui.Altair.AltairOptions, string, string> PostConfigure { get; set; }
        public string SubscriptionsEndPoint { get; set; }
    }
}
namespace Microsoft.AspNetCore.Builder
{
    public static class AltairApplicationBuilderExtensions
    {
        public static Microsoft.AspNetCore.Builder.IApplicationBuilder UseGraphQLAltair(this Microsoft.AspNetCore.Builder.IApplicationBuilder app, string path = "/ui/altair") { }
        public static Microsoft.AspNetCore.Builder.IApplicationBuilder UseGraphQLAltair(this Microsoft.AspNetCore.Builder.IApplicationBuilder app, GraphQL.Server.Ui.Altair.AltairOptions options, string path = "/ui/altair") { }
    }
    public class AltairEndpointConventionBuilder : Microsoft.AspNetCore.Builder.IEndpointConventionBuilder
    {
        public void Add(System.Action<Microsoft.AspNetCore.Builder.EndpointBuilder> convention) { }
    }
    public static class AltairEndpointRouteBuilderExtensions
    {
        public static Microsoft.AspNetCore.Builder.AltairEndpointConventionBuilder MapGraphQLAltair(this Microsoft.AspNetCore.Routing.IEndpointRouteBuilder endpoints, string pattern = "ui/altair") { }
        public static Microsoft.AspNetCore.Builder.AltairEndpointConventionBuilder MapGraphQLAltair(this Microsoft.AspNetCore.Routing.IEndpointRouteBuilder endpoints, GraphQL.Server.Ui.Altair.AltairOptions options, string pattern = "ui/altair") { }
    }
}