namespace GraphQL.Server.Ui.GraphiQL
{
    public class GraphiQLActionResult : Microsoft.AspNetCore.Mvc.IActionResult
    {
        public GraphiQLActionResult(GraphQL.Server.Ui.GraphiQL.GraphiQLOptions options) { }
        public GraphiQLActionResult(System.Action<GraphQL.Server.Ui.GraphiQL.GraphiQLOptions>? configure = null) { }
        public System.Threading.Tasks.Task ExecuteResultAsync(Microsoft.AspNetCore.Mvc.ActionContext context) { }
    }
    public class GraphiQLMiddleware
    {
        public GraphiQLMiddleware(Microsoft.AspNetCore.Http.RequestDelegate next, GraphQL.Server.Ui.GraphiQL.GraphiQLOptions options) { }
        public System.Threading.Tasks.Task Invoke(Microsoft.AspNetCore.Http.HttpContext httpContext) { }
    }
    public class GraphiQLOptions
    {
        public GraphiQLOptions() { }
        public bool ExplorerExtensionEnabled { get; set; }
        public string GraphQLEndPoint { get; set; }
        public bool HeaderEditorEnabled { get; set; }
        public System.Collections.Generic.Dictionary<string, string>? Headers { get; set; }
        public System.Func<GraphQL.Server.Ui.GraphiQL.GraphiQLOptions, System.IO.Stream> IndexStream { get; set; }
        public System.Func<GraphQL.Server.Ui.GraphiQL.GraphiQLOptions, string, string> PostConfigure { get; set; }
        public GraphQL.Server.Ui.GraphiQL.RequestCredentials RequestCredentials { get; set; }
        public string SubscriptionsEndPoint { get; set; }
    }
    public enum RequestCredentials
    {
        Omit = 0,
        Include = 1,
        SameOrigin = 2,
    }
}
namespace Microsoft.AspNetCore.Builder
{
    public static class GraphiQLApplicationBuilderExtensions
    {
        public static Microsoft.AspNetCore.Builder.IApplicationBuilder UseGraphQLGraphiQL(this Microsoft.AspNetCore.Builder.IApplicationBuilder app, string path = "/ui/graphiql", GraphQL.Server.Ui.GraphiQL.GraphiQLOptions? options = null) { }
    }
    public class GraphiQLEndpointConventionBuilder : Microsoft.AspNetCore.Builder.IEndpointConventionBuilder
    {
        public void Add(System.Action<Microsoft.AspNetCore.Builder.EndpointBuilder> convention) { }
    }
    public static class GraphiQLEndpointRouteBuilderExtensions
    {
        public static Microsoft.AspNetCore.Builder.GraphiQLEndpointConventionBuilder MapGraphQLGraphiQL(this Microsoft.AspNetCore.Routing.IEndpointRouteBuilder endpoints, string pattern = "ui/graphiql", GraphQL.Server.Ui.GraphiQL.GraphiQLOptions? options = null) { }
    }
}