namespace GraphQL.Server
{
    public static class GraphQLBuilderExtensions
    {
        public static GraphQL.Server.IGraphQLBuilder AddSystemTextJson(this GraphQL.Server.IGraphQLBuilder builder, System.Action<System.Text.Json.JsonSerializerOptions> configureDeserializerSettings = null, System.Action<System.Text.Json.JsonSerializerOptions> configureSerializerSettings = null) { }
    }
}
namespace GraphQL.Server.Transports.AspNetCore.SystemTextJson
{
    public class GraphQLRequestDeserializer : GraphQL.Server.Transports.AspNetCore.Common.IGraphQLRequestDeserializer
    {
        public GraphQLRequestDeserializer(System.Action<System.Text.Json.JsonSerializerOptions> configure) { }
        public System.Threading.Tasks.Task<GraphQL.Server.Transports.AspNetCore.Common.GraphQLRequestDeserializationResult> DeserializeFromJsonBodyAsync(Microsoft.AspNetCore.Http.HttpRequest httpRequest, System.Threading.CancellationToken cancellationToken = default) { }
        public GraphQL.Inputs DeserializeInputsFromJson(string json) { }
    }
}