namespace GraphQL.Server.Authorization
{    
    public static class AuthorizationMetadataExtensions
    {
        public const string POLICY_KEY = "Authorization__Policies";
        [System.Obsolete("This method will be removed in v5. Use TMetadataProvider AuthorizeWith<TMetadataP" +
            "rovider>(this TMetadataProvider provider, string policy) instead.")]
        public static void AuthorizeWith(this GraphQL.Types.IProvideMetadata type, string policy) { }
        public static GraphQL.Builders.ConnectionBuilder<TSourceType> AuthorizeWith<TSourceType>(this GraphQL.Builders.ConnectionBuilder<TSourceType> builder, string policy) { }
        public static TMetadataProvider AuthorizeWith<TMetadataProvider>(this TMetadataProvider provider, string policy)
            where TMetadataProvider : GraphQL.Types.IProvideMetadata { }
        public static GraphQL.Builders.FieldBuilder<TSourceType, TReturnType> AuthorizeWith<TSourceType, TReturnType>(this GraphQL.Builders.FieldBuilder<TSourceType, TReturnType> builder, string policy) { }
        public static System.Collections.Generic.List<string> GetPolicies(this GraphQL.Types.IProvideMetadata provider) { }
        public static bool RequiresAuthorization(this GraphQL.Types.IProvideMetadata provider) { }
    }   
    public class GraphQLAuthorizeAttribute : GraphQL.GraphQLAttribute
    {
        public GraphQLAuthorizeAttribute() { }
        public string Policy { get; set; }
        public override void Modify(GraphQL.Utilities.FieldConfig field) { }
        public override void Modify(GraphQL.Utilities.TypeConfig type) { }
    }
}