namespace GraphQL.Server
{
    public static class GraphQLBuilderNewtonsoftJsonExtensions
    {
        public static GraphQL.DI.IGraphQLBuilder AddNewtonsoftJson(this GraphQL.DI.IGraphQLBuilder builder, System.Action<Newtonsoft.Json.JsonSerializerSettings> configureDeserializerSettings = null, System.Action<Newtonsoft.Json.JsonSerializerSettings> configureSerializerSettings = null) { }
        [System.Obsolete]
        public static GraphQL.Server.IGraphQLBuilder AddNewtonsoftJson(this GraphQL.Server.IGraphQLBuilder builder, System.Action<Newtonsoft.Json.JsonSerializerSettings> configureDeserializerSettings = null, System.Action<Newtonsoft.Json.JsonSerializerSettings> configureSerializerSettings = null) { }
    }
}
namespace GraphQL.Server.Transports.AspNetCore.NewtonsoftJson
{
    public class GraphQLRequestDeserializer : GraphQL.Server.Transports.AspNetCore.IGraphQLRequestDeserializer
    {
        public GraphQLRequestDeserializer(System.Action<Newtonsoft.Json.JsonSerializerSettings> configure) { }
        public System.Threading.Tasks.Task<GraphQL.Server.Transports.AspNetCore.GraphQLRequestDeserializationResult> DeserializeFromJsonBodyAsync(Microsoft.AspNetCore.Http.HttpRequest httpRequest, System.Threading.CancellationToken cancellationToken = default) { }
        public GraphQL.Inputs DeserializeInputsFromJson(string json) { }
    }
}