namespace GraphQL.Server.Ui.Voyager
{
    public class GraphQLVoyagerOptions
    {
        public GraphQLVoyagerOptions() { }
        public Microsoft.AspNetCore.Http.PathString GraphQLEndPoint { get; set; }
        public System.Collections.Generic.Dictionary<string, object> Headers { get; set; }
        public Microsoft.AspNetCore.Http.PathString Path { get; set; }
    }
    public class VoyagerMiddleware
    {
        public VoyagerMiddleware(Microsoft.AspNetCore.Http.RequestDelegate nextMiddleware, GraphQL.Server.Ui.Voyager.GraphQLVoyagerOptions options) { }
        public System.Threading.Tasks.Task Invoke(Microsoft.AspNetCore.Http.HttpContext httpContext) { }
    }
}
namespace Microsoft.AspNetCore.Builder
{
    public static class VoyagerExtensions
    {
        public static Microsoft.AspNetCore.Builder.IApplicationBuilder UseGraphQLVoyager(this Microsoft.AspNetCore.Builder.IApplicationBuilder app, GraphQL.Server.Ui.Voyager.GraphQLVoyagerOptions options = null) { }
    }
}